// Jest Snapshot v1, https://goo.gl/fbAQLP

exports[`app config transformer throws an error if views undefined 1`] = `"views undefined"`;
