// Jest Snapshot v1, https://goo.gl/fbAQLP

exports[`number transformer throws an error if value isn't number 1`] = `"This transformer is for numbers but input is string"`;
