// Jest Snapshot v1, https://goo.gl/fbAQLP

exports[`view component generator throws an error for unsupported child type 1`] = `"No config for summaryview found"`;
