// Jest Snapshot v1, https://goo.gl/fbAQLP

exports[`plugin generation chain completes 1`] = `
"import React from \\"react\\";
import * as _ from \\"lodash\\";
import models from \\"../models\\";
import interpreter from \\"../interpreter\\";
import Checkbox from \\"@material-ui/core/Checkbox\\";
import Textfield from \\"@material-ui/core/TextField\\";
import FormControl from \\"@material-ui/core/FormControl\\";
import InputLabel from \\"@material-ui/core/InputLabel\\";
import Select from \\"@material-ui/core/Select\\";
import MenuItem from \\"@material-ui/core/MenuItem\\";
import List from \\"@material-ui/core/List\\";
import ListItem from \\"@material-ui/core/ListItem\\";
import Grid from \\"@material-ui/core/Grid\\";
import Button from \\"@material-ui/core/Button\\";
import BiographyContainer from './BiographyContainer';
import CombatContainer from './CombatContainer';
import CharacteristicsContainer from './CharacteristicsContainer';
import SkillsContainer from './SkillsContainer';
import WeaponsContainer from './WeaponsContainer';
import ArmorContainer from './ArmorContainer';
import ExperienceContainer from './ExperienceContainer';
import MotivationsContainer from './MotivationsContainer';

const Component = () => (
    <div id=\\"Summary-view\\">
        <BiographyContainer />
<CombatContainer />
<CharacteristicsContainer />
<SkillsContainer />
<WeaponsContainer />
<ArmorContainer />
<ExperienceContainer />
<MotivationsContainer />
    </div>
)
export default Component;"
`;
