// Jest Snapshot v1, https://goo.gl/fbAQLP

exports[`component generator module writes an app component 1`] = `
"import React from \\"react\\";
import { connect } from \\"react-redux\\";
import OneView from \\"./components/OneView\\"

const Component = () => (
    <div id=\\"test-app\\">
        <OneView/>
    </div>
);

export default Component;"
`;

exports[`component generator module writes an app component 2`] = `
"import React from \\"react\\";
import { connect } from \\"react-redux\\";
import TextField from \\"@material-ui/core/TextField\\";

const Component = () => (
    <div id=\\"one-view\\">
<TextField label=\\"foo\\" id=\\"foo\\" value=\\"\\" />
    </div>
);

export default Component;"
`;
